// Jest Snapshot v1, https://goo.gl/fbAQLP

exports[`AddNewComments component renders AddNewComments component proper 1`] = `
Object {
  "asFragment": [Function],
  "baseElement": <body>
    <div>
      <div
        backgroundcolor="#f4f4f4"
        class="sc-bdDrbm ieHSHu"
        height="200px"
        padding="15px"
        width="500px"
      >
        <input
          area-label="this is a add new comment textbox"
          class="sc-fuzrJS beTwst"
          data-testid="comment_text"
          placeholder="Add new comment"
          required=""
          type="text"
        />
        <div
          aria-label="Save new comment"
          backgroundcolor="#4792ef"
          class="sc-gtcAbF dPqWXl"
          data-testid="save_comment"
        >
          Save
        </div>
      </div>
    </div>
  </body>,
  "container": <div>
    <div
      backgroundcolor="#f4f4f4"
      class="sc-bdDrbm ieHSHu"
      height="200px"
      padding="15px"
      width="500px"
    >
      <input
        area-label="this is a add new comment textbox"
        class="sc-fuzrJS beTwst"
        data-testid="comment_text"
        placeholder="Add new comment"
        required=""
        type="text"
      />
      <div
        aria-label="Save new comment"
        backgroundcolor="#4792ef"
        class="sc-gtcAbF dPqWXl"
        data-testid="save_comment"
      >
        Save
      </div>
    </div>
  </div>,
  "debug": [Function],
  "findAllByAltText": [Function],
  "findAllByDisplayValue": [Function],
  "findAllByLabelText": [Function],
  "findAllByPlaceholderText": [Function],
  "findAllByRole": [Function],
  "findAllByTestId": [Function],
  "findAllByText": [Function],
  "findAllByTitle": [Function],
  "findByAltText": [Function],
  "findByDisplayValue": [Function],
  "findByLabelText": [Function],
  "findByPlaceholderText": [Function],
  "findByRole": [Function],
  "findByTestId": [Function],
  "findByText": [Function],
  "findByTitle": [Function],
  "getAllByAltText": [Function],
  "getAllByDisplayValue": [Function],
  "getAllByLabelText": [Function],
  "getAllByPlaceholderText": [Function],
  "getAllByRole": [Function],
  "getAllByTestId": [Function],
  "getAllByText": [Function],
  "getAllByTitle": [Function],
  "getByAltText": [Function],
  "getByDisplayValue": [Function],
  "getByLabelText": [Function],
  "getByPlaceholderText": [Function],
  "getByRole": [Function],
  "getByTestId": [Function],
  "getByText": [Function],
  "getByTitle": [Function],
  "queryAllByAltText": [Function],
  "queryAllByDisplayValue": [Function],
  "queryAllByLabelText": [Function],
  "queryAllByPlaceholderText": [Function],
  "queryAllByRole": [Function],
  "queryAllByTestId": [Function],
  "queryAllByText": [Function],
  "queryAllByTitle": [Function],
  "queryByAltText": [Function],
  "queryByDisplayValue": [Function],
  "queryByLabelText": [Function],
  "queryByPlaceholderText": [Function],
  "queryByRole": [Function],
  "queryByTestId": [Function],
  "queryByText": [Function],
  "queryByTitle": [Function],
  "rerender": [Function],
  "unmount": [Function],
}
`;
