// Jest Snapshot v1, https://goo.gl/fbAQLP

exports[`BlogComment component renders BlogComment component proper 1`] = `
Object {
  "asFragment": [Function],
  "baseElement": <body>
    <div>
      <div
        aria-label="Single comment container"
        class="sc-jrICsz dOSEUl"
      >
        <div
          class="sc-kEbfvU eijDqn"
        >
          <img
            aria-label="user icon"
            class="sc-iCEALv cNPWGl"
            src="user-Icon.png"
          />
          <span
            aria-label="user name"
            class="sc-crPhKe cUNDRE"
          >
            test name
          </span>
        </div>
        <span
          aria-label="comment detail description"
          class="sc-iqkjcl bXffyC"
        >
          test comment
        </span>
      </div>
    </div>
  </body>,
  "container": <div>
    <div
      aria-label="Single comment container"
      class="sc-jrICsz dOSEUl"
    >
      <div
        class="sc-kEbfvU eijDqn"
      >
        <img
          aria-label="user icon"
          class="sc-iCEALv cNPWGl"
          src="user-Icon.png"
        />
        <span
          aria-label="user name"
          class="sc-crPhKe cUNDRE"
        >
          test name
        </span>
      </div>
      <span
        aria-label="comment detail description"
        class="sc-iqkjcl bXffyC"
      >
        test comment
      </span>
    </div>
  </div>,
  "debug": [Function],
  "findAllByAltText": [Function],
  "findAllByDisplayValue": [Function],
  "findAllByLabelText": [Function],
  "findAllByPlaceholderText": [Function],
  "findAllByRole": [Function],
  "findAllByTestId": [Function],
  "findAllByText": [Function],
  "findAllByTitle": [Function],
  "findByAltText": [Function],
  "findByDisplayValue": [Function],
  "findByLabelText": [Function],
  "findByPlaceholderText": [Function],
  "findByRole": [Function],
  "findByTestId": [Function],
  "findByText": [Function],
  "findByTitle": [Function],
  "getAllByAltText": [Function],
  "getAllByDisplayValue": [Function],
  "getAllByLabelText": [Function],
  "getAllByPlaceholderText": [Function],
  "getAllByRole": [Function],
  "getAllByTestId": [Function],
  "getAllByText": [Function],
  "getAllByTitle": [Function],
  "getByAltText": [Function],
  "getByDisplayValue": [Function],
  "getByLabelText": [Function],
  "getByPlaceholderText": [Function],
  "getByRole": [Function],
  "getByTestId": [Function],
  "getByText": [Function],
  "getByTitle": [Function],
  "queryAllByAltText": [Function],
  "queryAllByDisplayValue": [Function],
  "queryAllByLabelText": [Function],
  "queryAllByPlaceholderText": [Function],
  "queryAllByRole": [Function],
  "queryAllByTestId": [Function],
  "queryAllByText": [Function],
  "queryAllByTitle": [Function],
  "queryByAltText": [Function],
  "queryByDisplayValue": [Function],
  "queryByLabelText": [Function],
  "queryByPlaceholderText": [Function],
  "queryByRole": [Function],
  "queryByTestId": [Function],
  "queryByText": [Function],
  "queryByTitle": [Function],
  "rerender": [Function],
  "unmount": [Function],
}
`;
